umar@numbat:~/Desktop/OS-LABS$ >logfile.log
umar@numbat:~/Desktop/OS-LABS$ ls
logfile.log

umar@numbat:~/Desktop/OS-LABS$ date --
Thu  8 May 12:03:51 UTC 2025

umar@numbat:~/Desktop/OS-LABS$ who --
umar     seat0        2025-05-08 11:47 (login screen)
umar     tty2         2025-05-08 11:47 (tty2)

umar@numbat:~/Desktop/OS-LABS$ whoami
umar

umar@numbat:~/Desktop/OS-LABS$ tty --
/dev/pts/0

umar@numbat:~/Desktop/OS-LABS$ logname --
umar

umar@numbat:~/Desktop/OS-LABS$ uname --
Linux

umar@numbat:~/Desktop/OS-LABS$ lscpu
Architecture:             aarch64
  CPU op-mode(s):         64-bit
  Byte Order:             Little Endian
CPU(s):                   4
  On-line CPU(s) list:    0-3
Vendor ID:                Apple
  Model name:             -
    Model:                0
    Thread(s) per core:   1
    Core(s) per cluster:  4
    Socket(s):            -
    Cluster(s):           1
    Stepping:             0x0
    BogoMIPS:             48.00
    Flags:                fp asimd evtstrm aes pmull sha1 sha2 crc32 atomics fphp asimdhp 
                          cpuid asimdrdm jscvt fcma lrcpc dcpop sha3 asimddp sha512 asimdf
                          hm dit uscat ilrcpc flagm ssbs sb paca pacg dcpodp flagm2 frint 
                          bf16
NUMA:                     
  NUMA node(s):           1
  NUMA node0 CPU(s):      0-3
Vulnerabilities:          
  Gather data sampling:   Not affected
  Itlb multihit:          Not affected
  L1tf:                   Not affected
  Mds:                    Not affected
  Meltdown:               Not affected
  Mmio stale data:        Not affected
  Reg file data sampling: Not affected
  Retbleed:               Not affected
  Spec rstack overflow:   Not affected
  Spec store bypass:      Mitigation; Speculative Store Bypass disabled via prctl
  Spectre v1:             Mitigation; __user pointer sanitization
  Spectre v2:             Not affected
  Srbds:                  Not affected
  Tsx async abort:        Not affected


umar@numbat:~/Desktop/OS-LABS$ lshw 
WARNING: you should run this program as super-user.
numbat                      
    description: Computer
    product: linux,dummy-virt
    width: 64 bits
    capabilities: smp cp15_barrier swp tagged_addr_disabled
  *-core
       description: Motherboard
       physical id: 0
     *-cpu:0
          description: CPU
          product: cpu
          physical id: 4
          bus info: cpu@0
          capabilities: fp asimd evtstrm aes pmull sha1 sha2 crc32 atomics fphp asimdhp cpuid asimdrdm jscvt fcma lrcpc dcpop sha3 asimddp sha512 asimdfhm dit uscat ilrcpc flagm ssbs sb paca pacg dcpodp flagm2 frint bf16
     *-cpu:1
          description: CPU
          product: cpu
          physical id: 5
          bus info: cpu@1
          capabilities: fp asimd evtstrm aes pmull sha1 sha2 crc32 atomics fphp asimdhp cpuid asimdrdm jscvt fcma lrcpc dcpop sha3 asimddp sha512 asimdfhm dit uscat ilrcpc flagm ssbs sb paca pacg dcpodp flagm2 frint bf16
     *-cpu:2
          description: CPU
          product: cpu
          physical id: 7
          bus info: cpu@2
          capabilities: fp asimd evtstrm aes pmull sha1 sha2 crc32 atomics fphp asimdhp cpuid asimdrdm jscvt fcma lrcpc dcpop sha3 asimddp sha512 asimdfhm dit uscat ilrcpc flagm ssbs sb paca pacg dcpodp flagm2 frint bf16
     *-cpu:3
          description: CPU
          product: cpu
          physical id: 9
          bus info: cpu@3
          capabilities: fp asimd evtstrm aes pmull sha1 sha2 crc32 atomics fphp asimdhp cpuid asimdrdm jscvt fcma lrcpc dcpop sha3 asimddp sha512 asimdfhm dit uscat ilrcpc flagm ssbs sb paca pacg dcpodp flagm2 frint bf16
     *-cpu:4 DISABLED
          description: CPU
          product: socket0
          physical id: a
          bus info: cpu@4
     *-memory
          description: System memory
          physical id: b
          size: 4GiB
     *-display
          description: VGA compatible controller
          product: VMware
          vendor: VMware
          physical id: 0
          bus info: pci@0000:00:00.0
          logical name: /dev/fb0
          version: 00
          width: 32 bits
          clock: 33MHz
          capabilities: vga_controller bus_master fb
          configuration: depth=32 driver=vmwgfx latency=64 resolution=1280,800
          resources: irq:18 memory:8400000-87fffff memory:10000000-17ffffff
     *-generic
          description: System peripheral
          product: VirtualBox mouse integration
          vendor: InnoTek Systemberatung GmbH
          physical id: 1
          bus info: pci@0000:00:01.0
          logical name: input3
          logical name: /dev/input/event3
          logical name: /dev/input/js1
          logical name: /dev/input/mouse1
          version: 00
          width: 32 bits
          clock: 33MHz
          capabilities: pci
          configuration: driver=vboxguest latency=0
          resources: irq:19 ioport:1000(size=32) memory:8800000-8bfffff memory:8136000-8136fff
     *-multimedia
          description: Audio device
          product: 82801FB/FBM/FR/FW/FRW (ICH6 Family) High Definition Audio Controller
          vendor: Intel Corporation
          physical id: 2
          bus info: pci@0000:00:02.0
          logical name: card0
          logical name: /dev/snd/controlC0
          logical name: /dev/snd/hwC0D0
          logical name: /dev/snd/pcmC0D0c
          logical name: /dev/snd/pcmC0D0p
          logical name: /dev/snd/pcmC0D1c
          logical name: /dev/snd/pcmC0D1p
          logical name: /dev/snd/pcmC0D2c
          version: 01
          width: 32 bits
          clock: 33MHz
          capabilities: bus_master cap_list
          configuration: driver=snd_hda_intel latency=64
          resources: irq:17 memory:8130000-8133fff
        *-input:0
             product: HDA Intel Mic
             physical id: 0
             logical name: input4
             logical name: /dev/input/event4
        *-input:1
             product: HDA Intel Line
             physical id: 1
             logical name: input5
             logical name: /dev/input/event5
        *-input:2
             product: HDA Intel Speaker Front
             physical id: 2
             logical name: input6
             logical name: /dev/input/event6
        *-input:3
             product: HDA Intel Speaker CLFE
             physical id: 3
             logical name: input7
             logical name: /dev/input/event7
        *-input:4
             product: HDA Intel Front Headphone
             physical id: 4
             logical name: input8
             logical name: /dev/input/event8
        *-input:5
             product: HDA Intel SPDIF In
             physical id: 5
             logical name: input9
             logical name: /dev/input/event9
     *-scsi
          description: SCSI storage controller
          product: Virtio 1.0 SCSI
          vendor: Red Hat, Inc.
          physical id: 3
          bus info: pci@0000:00:03.0
          version: 01
          width: 32 bits
          clock: 33MHz
          capabilities: scsi bus_master cap_list
          configuration: driver=virtio-pci latency=64
          resources: irq:14 memory:8134000-8135fff
        *-virtio0
             description: Virtual I/O device
             physical id: 0
             bus info: virtio@0
             logical name: scsi0
             configuration: driver=virtio_scsi
           *-cdrom
                description: SCSI CD-ROM
                product: CD-ROM
                vendor: VBOX
                physical id: 0.1.0
                bus info: scsi@0:0.1.0
                logical name: /dev/cdrom
                logical name: /dev/sr0
                logical name: /media/umar/VBox_GAs_7.1.8
                version: 1.0
                capabilities: removable audio
                configuration: ansiversion=5 mount.fstype=iso9660 mount.options=ro,nosuid,nodev,relatime,nojoliet,check=s,map=n,blocksize=2048,uid=1000,gid=1000,dmode=500,fmode=400,iocharset=utf8 state=mounted status=ready
              *-medium
                   physical id: 0
                   logical name: /dev/cdrom
                   logical name: /media/umar/VBox_GAs_7.1.8
                   configuration: mount.fstype=iso9660 mount.options=ro,nosuid,nodev,relatime,nojoliet,check=s,map=n,blocksize=2048,uid=1000,gid=1000,dmode=500,fmode=400,iocharset=utf8 state=mounted
     *-usb
          description: USB controller
          product: 7 Series/C210 Series Chipset Family USB xHCI Host Controller
          vendor: Intel Corporation
          physical id: 6
          bus info: pci@0000:00:06.0
          version: 00
          width: 32 bits
          clock: 33MHz
          capabilities: xhci bus_master cap_list
          configuration: driver=xhci_hcd latency=64
          resources: irq:17 memory:8120000-812ffff
     *-network
          description: Ethernet interface
          product: 82540EM Gigabit Ethernet Controller
          vendor: Intel Corporation
          physical id: 8
          bus info: pci@0000:00:08.0
          logical name: enp0s8
          version: 02
          serial: 08:00:27:af:6a:07
          size: 1Gbit/s
          capacity: 1Gbit/s
          width: 32 bits
          clock: 66MHz
          capabilities: bus_master cap_list ethernet physical tp 10bt 10bt-fd 100bt 100bt-fd 1000bt-fd autonegotiation
          configuration: autonegotiation=on broadcast=yes driver=e1000 driverversion=6.8.0-58-generic duplex=full ip=10.0.2.15 latency=64 link=yes mingnt=255 multicast=yes port=twisted pair speed=1Gbit/s
          resources: irq:18 memory:8100000-811ffff ioport:1020(size=8)
  *-input:0
       product: gpio-keys
       physical id: 1
       logical name: input0
       logical name: /dev/input/event0
       capabilities: platform
  *-input:1
       product: VirtualBox USB Keyboard
       physical id: 2
       logical name: input1
       logical name: /dev/input/event1
       logical name: input1::capslock
       logical name: input1::compose
       logical name: input1::kana
       logical name: input1::numlock
       logical name: input1::scrolllock
       capabilities: usb
  *-input:2
       product: VirtualBox USB Tablet
       physical id: 3
       logical name: input2
       logical name: /dev/input/event2
       logical name: /dev/input/js0
       logical name: /dev/input/mouse0
       capabilities: usb
WARNING: output may be incomplete or inaccurate, you should run this program as super-user


**Работа с файлами


umar@numbat:~/Desktop/OS-LABS$ ls
logfile.log  test1.txt  test2.txt

umar@numbat:~/Desktop/OS-LABS$ ls -l
total 0
-rw-rw-r-- 1 umar umar 0 May  8 12:01 logfile.log
-rw-rw-r-- 1 umar umar 0 May  8 12:26 test1.txt
-rw-rw-r-- 1 umar umar 0 May  8 12:26 test2.txt

umar@numbat:~/Desktop/OS-LABS$ cat test1.txt
My name is Umar

umar@numbat:~/Desktop/OS-LABS$ cat test2.txt
Anna

umar@numbat:~/Desktop/OS-LABS$ cat test1.txt test2.txt
My name is Umar
Anna


**Операции с файлами Переименование файла осуществляется пересылкой его от одного имени к другому (mv -- move):

umar@numbat:~/Desktop/OS-LABS$ mv test1.txt aaa
umar@numbat:~/Desktop/OS-LABS$ ls
aaa  logfile.log  test2.txt
umar@numbat:~/Desktop/OS-LABS$ 

umar@numbat:~/Desktop/OS-LABS$ cat test1.txt
cat: test1.txt: No such file or directory


**Копирование файлов осуществляется с помощью команды cp:

umar@numbat:~/Desktop/OS-LABS$ cp aaa bbb
umar@numbat:~/Desktop/OS-LABS$ ls
aaa  bbb  logfile.log  test2.txt


**Удаляет файлы команда rm :

umar@numbat:~/Desktop/OS-LABS$ rm test1.txt test2.txt 
rm: cannot remove 'test1.txt': No such file or directory

umar@numbat:~/Desktop/OS-LABS$ rm aaa bbb
umar@numbat:~/Desktop/OS-LABS$ ls
logfile.log

** Работа с каталогами.


umar@numbat:~/Desktop/OS-LABS$ pwd
/home/umar/Desktop/OS-LABS
umar@numbat:~/Desktop/OS-LABS$ ls
logfile.log
umar@numbat:~/Desktop/OS-LABS$ touch prog.c
umar@numbat:~/Desktop/OS-LABS$ ls prog.c 
prog.c
umar@numbat:~/Desktop/OS-LABS$ ls
logfile.log  prog.c
umar@numbat:~/Desktop/OS-LABS$ ls -l
total 0
-rw-rw-r-- 1 umar umar 0 May  8 12:01 logfile.log
-rw-rw-r-- 1 umar umar 0 May  8 12:40 prog.c
umar@numbat:~/Desktop/OS-LABS$ cd ..
umar@numbat:~/Desktop$ cd ..
umar@numbat:~$ cd ..
umar@numbat:/home$ cd ..
umar@numbat:/$ ls
bin                dev   lib.usr-is-merged  opt   sbin                swap.img  var
bin.usr-is-merged  etc   lost+found         proc  sbin.usr-is-merged  sys
boot               home  media              root  snap                tmp
cdrom              lib   mnt                run   srv                 usr

umar@numbat:/$ cd home/umar/Desktop/OS-LABS/
umar@numbat:~/Desktop/OS-LABS$ ls
logfile.log  prog.c
umar@numbat:~/Desktop/OS-LABS$ mkdir sub-dir
umar@numbat:~/Desktop/OS-LABS$ cd sub-dir/
umar@numbat:~/Desktop/OS-LABS/sub-dir$ cp ../prog.c ./
umar@numbat:~/Desktop/OS-LABS/sub-dir$ ls
prog.c
umar@numbat:~/Desktop/OS-LABS/sub-dir$ cd ..
umar@numbat:~/Desktop/OS-LABS$ rmdir sub-dir/
rmdir: failed to remove 'sub-dir/': Directory not empty
umar@numbat:~/Desktop/OS-LABS$ rm sub-dir/prog.c 
umar@numbat:~/Desktop/OS-LABS$ rmdir sub-dir/




umar@numbat:~/Desktop/OS-LABS$ gcc prog.c -o prog.o
umar@numbat:~/Desktop/OS-LABS$ ls
a.out  logfile.log  prog.c  prog.o
umar@numbat:~/Desktop/OS-LABS$ gcc prog.c -o prog
umar@numbat:~/Desktop/OS-LABS$ ls
a.out  logfile.log  prog  prog.c  prog.o
umar@numbat:~/Desktop/OS-LABS$ ./prog
Hello, everybody ! 

umar@numbat:~/Desktop/OS-LABS$ 
umar@numbat:~/Desktop/OS-LABS$ touch my_open.c
umar@numbat:~/Desktop/OS-LABS$ gcc my_open.c -o my_open
umar@numbat:~/Desktop/OS-LABS$ ls
a.out  logfile.log  my_open  my_open.c  prog  prog.c  prog.o
umar@numbat:~/Desktop/OS-LABS$ ./my_open logfile.log 
./my_open: файл logfile.log открыт
umar@numbat:~/Desktop/OS-LABS$ 


umar@numbat:~/Desktop/OS-LABS$ ./file2 || ./new_prog
new_file.txt

umar@numbat:~/Desktop/OS-LABS$ ./file2 | ./new_prog
./new_prog: successfully opened new_file.txt

umar@numbat:~/Desktop/OS-LABS$ ./file2 && ./new_prog
new_file.txt
new_file.txt
./new_prog: successfully opened new_file.txt


IV. Изучение команд и утилит обработки текстов.

umar@numbat:~/Desktop/OS-LABS$ ls -l /tmp | grep '^d'
drwx------ 3 root root 4096 May 10 11:13 snap-private-tmp
drwx------ 3 root root 4096 May 10 11:12 systemd-private-87a17a7f806e4ba883956c85b64cdd3d-colord.service-2hldii
drwx------ 3 root root 4096 May 10 11:19 systemd-private-87a17a7f806e4ba883956c85b64cdd3d-fwupd.service-LoJlXs
drwx------ 3 root root 4096 May 10 11:10 systemd-private-87a17a7f806e4ba883956c85b64cdd3d-ModemManager.service-hwlGjy
drwx------ 3 root root 4096 May 10 11:10 systemd-private-87a17a7f806e4ba883956c85b64cdd3d-polkit.service-jq8mds
drwx------ 3 root root 4096 May 10 11:10 systemd-private-87a17a7f806e4ba883956c85b64cdd3d-power-profiles-daemon.service-0qCbOn
drwx------ 3 root root 4096 May 10 11:10 systemd-private-87a17a7f806e4ba883956c85b64cdd3d-switcheroo-control.service-P8uUFL
drwx------ 3 root root 4096 May 10 11:10 systemd-private-87a17a7f806e4ba883956c85b64cdd3d-systemd-logind.service-kZqIz6
drwx------ 3 root root 4096 May 10 11:10 systemd-private-87a17a7f806e4ba883956c85b64cdd3d-systemd-oomd.service-x53GLz
drwx------ 3 root root 4096 May 10 11:10 systemd-private-87a17a7f806e4ba883956c85b64cdd3d-systemd-resolved.service-93a4Hg
drwx------ 3 root root 4096 May 10 11:10 systemd-private-87a17a7f806e4ba883956c85b64cdd3d-systemd-timesyncd.service-UVoRH8
drwx------ 3 root root 4096 May 10 11:12 systemd-private-87a17a7f806e4ba883956c85b64cdd3d-upower.service-YaAUBi

umar@numbat:~/Desktop/OS-LABS$ ls -l /tmp | grep ' root ' 
drwx------ 3 root root 4096 May 10 11:13 snap-private-tmp
drwx------ 3 root root 4096 May 10 11:12 systemd-private-87a17a7f806e4ba883956c85b64cdd3d-colord.service-2hldii
drwx------ 3 root root 4096 May 10 11:19 systemd-private-87a17a7f806e4ba883956c85b64cdd3d-fwupd.service-LoJlXs
drwx------ 3 root root 4096 May 10 11:10 systemd-private-87a17a7f806e4ba883956c85b64cdd3d-ModemManager.service-hwlGjy
drwx------ 3 root root 4096 May 10 11:10 systemd-private-87a17a7f806e4ba883956c85b64cdd3d-polkit.service-jq8mds
drwx------ 3 root root 4096 May 10 11:10 systemd-private-87a17a7f806e4ba883956c85b64cdd3d-power-profiles-daemon.service-0qCbOn
drwx------ 3 root root 4096 May 10 11:10 systemd-private-87a17a7f806e4ba883956c85b64cdd3d-switcheroo-control.service-P8uUFL
drwx------ 3 root root 4096 May 10 11:10 systemd-private-87a17a7f806e4ba883956c85b64cdd3d-systemd-logind.service-kZqIz6
drwx------ 3 root root 4096 May 10 11:10 systemd-private-87a17a7f806e4ba883956c85b64cdd3d-systemd-oomd.service-x53GLz
drwx------ 3 root root 4096 May 10 11:10 systemd-private-87a17a7f806e4ba883956c85b64cdd3d-systemd-resolved.service-93a4Hg
drwx------ 3 root root 4096 May 10 11:10 systemd-private-87a17a7f806e4ba883956c85b64cdd3d-systemd-timesyncd.service-UVoRH8
drwx------ 3 root root 4096 May 10 11:12 systemd-private-87a17a7f806e4ba883956c85b64cdd3d-upower.service-YaAUBi

umar@numbat:~/Desktop/OS-LABS$ who | grep -E '\(:[0-9]+\)' | cut -d ' ' -f 1 | id -u
1000
umar@numbat:~/Desktop/OS-LABS$ whoami | cut -d ' ' -f 1
umar

umar@numbat:~/Desktop/OS-LABS$ ls -l | tr '[:lower:]' '[:upper:]'
TOTAL 104
-RWXRWXR-X 1 UMAR UMAR 70312 MAY  8 12:54 A.OUT
-RWXRWXR-X 1 UMAR UMAR 70312 MAY 10 11:40 FILE2
-RW-RW-R-- 1 UMAR UMAR   112 MAY 10 11:40 FILE2.C
-RW-RW-R-- 1 UMAR UMAR     0 MAY  8 12:01 LOGFILE.LOG
-RWXRWXR-X 1 UMAR UMAR 70440 MAY 10 11:25 MY_OPEN
-RW-RW-R-- 1 UMAR UMAR   545 MAY 10 11:25 MY_OPEN.C
-RW-RW-R-- 1 UMAR UMAR     7 MAY 10 11:37 NEW_FILE.TXT
-RWXRWXR-X 1 UMAR UMAR 70712 MAY 10 11:41 NEW_PROG
-RW-RW-R-- 1 UMAR UMAR   770 MAY 10 11:30 NEW_PROG.C
-RWXRWXR-X 1 UMAR UMAR 70312 MAY 10 11:18 PROG
-RW-RW-R-- 1 UMAR UMAR    67 MAY  8 12:54 PROG.C
-RW-RW-R-- 1 UMAR UMAR  1616 MAY 10 11:17 PROG.O


umar@numbat:~/Desktop/OS-LABS$ ls -l | sort -k 9
total 104
-rwxrwxr-x 1 umar umar 70312 May  8 12:54 a.out
-rwxrwxr-x 1 umar umar 70312 May 10 11:40 file2
-rw-rw-r-- 1 umar umar   112 May 10 11:40 file2.c
-rw-rw-r-- 1 umar umar     0 May  8 12:01 logfile.log
-rwxrwxr-x 1 umar umar 70440 May 10 11:25 my_open
-rw-rw-r-- 1 umar umar   545 May 10 11:25 my_open.c
-rw-rw-r-- 1 umar umar     7 May 10 11:37 new_file.txt
-rwxrwxr-x 1 umar umar 70712 May 10 11:41 new_prog
-rw-rw-r-- 1 umar umar   770 May 10 11:30 new_prog.c
-rwxrwxr-x 1 umar umar 70312 May 10 11:18 prog
-rw-rw-r-- 1 umar umar    67 May  8 12:54 prog.c
-rw-rw-r-- 1 umar umar  1616 May 10 11:17 prog.o


umar@numbat:~/Desktop/OS-LABS$ ls -l | sort -k 5 -n
-rw-rw-r-- 1 umar umar     0 May  8 12:01 logfile.log
total 104
-rw-rw-r-- 1 umar umar     7 May 10 11:37 new_file.txt
-rw-rw-r-- 1 umar umar    67 May  8 12:54 prog.c
-rw-rw-r-- 1 umar umar   112 May 10 11:40 file2.c
-rw-rw-r-- 1 umar umar   545 May 10 11:25 my_open.c
-rw-rw-r-- 1 umar umar   770 May 10 11:30 new_prog.c
-rw-rw-r-- 1 umar umar  1616 May 10 11:17 prog.o
-rwxrwxr-x 1 umar umar 70312 May 10 11:18 prog
-rwxrwxr-x 1 umar umar 70312 May 10 11:40 file2
-rwxrwxr-x 1 umar umar 70312 May  8 12:54 a.out
-rwxrwxr-x 1 umar umar 70440 May 10 11:25 my_open
-rwxrwxr-x 1 umar umar 70712 May 10 11:41 new_prog


umar@numbat:~/Desktop/OS-LABS$ ls -l | sort -k 5 -nr
-rwxrwxr-x 1 umar umar 70712 May 10 11:41 new_prog
-rwxrwxr-x 1 umar umar 70440 May 10 11:25 my_open
-rwxrwxr-x 1 umar umar 70312 May  8 12:54 a.out
-rwxrwxr-x 1 umar umar 70312 May 10 11:40 file2
-rwxrwxr-x 1 umar umar 70312 May 10 11:18 prog
-rw-rw-r-- 1 umar umar  1616 May 10 11:17 prog.o
-rw-rw-r-- 1 umar umar   770 May 10 11:30 new_prog.c
-rw-rw-r-- 1 umar umar   545 May 10 11:25 my_open.c
-rw-rw-r-- 1 umar umar   112 May 10 11:40 file2.c
-rw-rw-r-- 1 umar umar    67 May  8 12:54 prog.c
-rw-rw-r-- 1 umar umar     7 May 10 11:37 new_file.txt
total 104
-rw-rw-r-- 1 umar umar     0 May  8 12:01 logfile.log


5)

umar@numbat:~/Desktop/OS-LABS$ ls -l /usr/bin | tr -s ' ' | cut -d ' ' -f 5 | sort -n | uniq -d
2
3
4
5
6
7
8
9
10
11
12
13
14
16
17
18
20
21
22
23
24
25
26
27
28
29
30
31
32
33
34
35
41
47
50
53
59
215
220
227
274
350
352
785
1003
1182
1207
1622
2346
2453
4527
5656
5725
8360
45593
67512
67520
67528
67592
67608
67656
67664
67672
67680
67688
67696
67704
67736
67744
67752
67760
67768
67776
67784
67792
67800
67808
67816
67824
67832
67840
67848
67856
67864
67872
67880
67888
67896
67904
67912
67928
67944
67952
67960
67968
67976
67984
67992
68000
68008
68016
68024
68040
68048
68056
68064
68072
68080
68088
68096
68104
68120
68128
68136
68152
68160
68192
68200
68256
68264
68280
68312
68320
68328
68368
68376
68392
68480
68520
68568
68624
68632
68696
68752
68768
68944
69080
69472
70208
133200
133280
133288
133320
133336
133376
133384
133416
133424
133440
133480
133488
133496
133688
133760
134208
198792
198824
198880
199288
199464
264432
264648
531488
597024
990040
3942240





